
> interface-studio@0.1.0 typecheck
> tsx scripts/prepare-next.ts && next typegen && tsc --noEmit

(!) Your Vite config uses features that are unsupported by `configLoader: 'native'`, which is planned to become the default in a future major version of Vite:
  - import "../studio.config" without a file extension (scripts/preview.vite.ts:7:20). Add the file extension
  - import "./src/studio/config" without a file extension (studio.config.ts:7:35). Add the file extension
Set `VITE_CONFIG_NATIVE_IGNORE_WARNING=true` to suppress this warning.
vite v8.3.3 building client environment for production...
transforming...
✓ 12 modules transformed.
rendering chunks...
computing gzip size...
public/example/index.html                 0.50 kB │ gzip: 0.30 kB
public/example/library/frame.html         0.59 kB │ gzip: 0.32 kB
public/assets/library-nE_pA7PC.css        1.49 kB │ gzip: 0.62 kB
public/assets/frame-client-B1QV2L8k.css   6.37 kB │ gzip: 1.90 kB
public/assets/library-B1ugP6NT.js         3.44 kB │ gzip: 1.61 kB
public/assets/example-BAJLay-e.js        12.77 kB │ gzip: 4.76 kB
public/assets/frame-client-BzwqO_e5.js   21.90 kB │ gzip: 7.47 kB

✓ built in 158ms
Generating route types...
✓ Types generated successfully
