
> interface-studio@0.1.0 build
> tsc -b && vite build

(!) Your Vite config uses features that are unsupported by `configLoader: 'native'`, which is planned to become the default in a future major version of Vite:
  - import "./studio.config" without a file extension (vite.config.ts:7:20). Add the file extension
  - import "./scripts/saved-sources" without a file extension (vite.config.ts:8:52). Add the file extension
  - import "./src/studio/config" without a file extension (vite.config.ts:9:35). Add the file extension
  - import "./src/studio/layouts" without a file extension (vite.config.ts:10:52). Add the file extension
  - import "./src/studio/scenarios" without a file extension (vite.config.ts:11:56). Add the file extension
  - import "./src/studio/types" without a file extension (vite.config.ts:14:36). Add the file extension
  - import "./src/studio/directions" without a file extension (vite.config.ts:15:87). Add the file extension
  - import "./scripts/saved-file" without a file extension (vite.config.ts:16:79). Add the file extension
  - import "./src/studio/workspace/declaration" without a file extension (vite.config.ts:17:83). Add the file extension
  - import "./src/studio/library/model" without a file extension (vite.config.ts:18:62). Add the file extension
  - import "../src/studio/config" without a file extension (scripts/saved-sources.ts:3:35). Add the file extension
  - import "../types" without a file extension (src/studio/workspace/declaration.ts:5:78). Add the file extension
  - import "./saved" without a file extension (src/studio/scenarios.ts:7:71). Add the file extension
  - import "./src/studio/config" without a file extension (studio.config.ts:7:35). Add the file extension
  - import "./design-runtime" without a file extension (src/studio/directions.ts:1:45). Add the file extension
  - import "../types" without a file extension (src/studio/library/model.ts:6:101). Add the file extension
  - import "./types" without a file extension (src/studio/scenarios.ts:8:33). Add the file extension
  - import "./design-ui/types" without a file extension (src/studio/directions.ts:2:36). Add the file extension
  - import "./schema" without a file extension (src/studio/library/model.ts:7:56). Add the file extension
  - import "./directions" without a file extension (src/studio/design-runtime.ts:1:57). Add the file extension
  - import "./design-ui/types" without a file extension (src/studio/design-runtime.ts:2:34). Add the file extension
Set `VITE_CONFIG_NATIVE_IGNORE_WARNING=true` to suppress this warning.
vite v8.3.1 building client environment for production...
transforming...
✓ 2697 modules transformed.
rendering chunks...
computing gzip size...
dist/example/index.html                                      0.58 kB │ gzip:   0.32 kB
dist/index.html                                              0.68 kB │ gzip:   0.36 kB
dist/example/library/frame.html                              0.69 kB │ gzip:   0.34 kB
dist/assets/geist-cyrillic-ext-wght-normal-DjL33-gN.woff2    7.42 kB
dist/assets/geist-vietnamese-wght-normal-6IgcOCM7.woff2      8.00 kB
dist/assets/geist-cyrillic-wght-normal-BEAKL7Jp.woff2       15.08 kB
dist/assets/geist-latin-ext-wght-normal-DC-KSUi6.woff2      16.51 kB
dist/assets/geist-latin-wght-normal-BgDaEnEv.woff2          29.40 kB
dist/assets/example-library-nE_pA7PC.css                     1.49 kB │ gzip:   0.62 kB
dist/assets/frame-client-B1QV2L8k.css                        6.37 kB │ gzip:   1.90 kB
dist/assets/canvas-CeJeskZg.css                             11.14 kB │ gzip:   2.03 kB
dist/assets/studio-BtNUbrst.css                            156.05 kB │ gzip:  25.45 kB
dist/assets/protocol-B88BZBGB.js                             1.19 kB │ gzip:   0.66 kB
dist/assets/stores-CHwDG_-B.js                               1.34 kB │ gzip:   0.69 kB
dist/assets/text-field-DgM8BMyS.js                           2.20 kB │ gzip:   0.90 kB
dist/assets/icon-button-B2sfC8Pp.js                          2.35 kB │ gzip:   1.03 kB
dist/assets/design-runtime-BQQL2_2k.js                       3.42 kB │ gzip:   1.54 kB
dist/assets/example-library-CIBdHemb.js                      3.47 kB │ gzip:   1.63 kB
dist/assets/design-ui-DGGBdnA6.js                            3.78 kB │ gzip:   1.44 kB
dist/assets/button-BHgbQW88.js                               4.56 kB │ gzip:   1.80 kB
dist/assets/library-nav-DFXkq_7n.js                          5.02 kB │ gzip:   1.93 kB
dist/assets/workspace-nav-_89QO46O.js                        6.51 kB │ gzip:   2.32 kB
dist/assets/model-DSjad-EO.js                               12.59 kB │ gzip:   4.23 kB
dist/assets/example-DC1jYG2P.js                             12.80 kB │ gzip:   4.78 kB
dist/assets/workspace-page-D_wr4MVl.js                      12.83 kB │ gzip:   5.03 kB
dist/assets/properties-AJx2AJHr.js                          14.68 kB │ gzip:   5.32 kB
dist/assets/frame-client-CpujMLcr.js                        20.82 kB │ gzip:   7.05 kB
dist/assets/library-page-CgOkTVLS.js                        31.18 kB │ gzip:  10.47 kB
dist/assets/canvas-Je4TJcrD.js                             185.69 kB │ gzip:  60.33 kB
dist/assets/popover-CVsF0Eu8.js                            390.02 kB │ gzip: 122.26 kB
dist/assets/studio-DEs1rhYe.js                             697.20 kB │ gzip: 215.99 kB

✓ built in 467ms
